// Jest Snapshot v1, https://goo.gl/fbAQLP

exports[`AddCommentForm component renders the UI as expected 1`] = `
<BrowserRouter>
  <Router
    history={
      Object {
        "action": "POP",
        "block": [Function],
        "createHref": [Function],
        "go": [Function],
        "goBack": [Function],
        "goForward": [Function],
        "length": 1,
        "listen": [Function],
        "location": Object {
          "hash": "",
          "pathname": "/",
          "search": "",
          "state": undefined,
        },
        "push": [Function],
        "replace": [Function],
      }
    }
  >
    <AddCommentForm
      comments={Array []}
      id=""
      oldComment=""
      reviewId=""
      setComments={[Function]}
      suffix=""
    >
      <p
        className="AddCommentForm__error error"
      >
        Cannot comment at this time.
      </p>
    </AddCommentForm>
  </Router>
</BrowserRouter>
`;
