// Jest Snapshot v1, https://goo.gl/fbAQLP

exports[`LocationForm component renders the UI as expected 1`] = `
<LocationForm
  location={
    Object {
      "address": "",
      "city": "",
      "state": "",
      "zipcode": "",
    }
  }
  setLocation={[Function]}
  setLocationError={[Function]}
>
  <fieldset
    className="LocationForm__fieldset sub-fieldset"
  >
    <legend>
      Enter the location for your meeting place here
    </legend>
    <div>
      <label
        htmlFor="address"
      >
        Location or street address:
         
      </label>
      <input
        aria-describedby="address-validator"
        id="address"
        maxLength="100"
        name="address"
        onChange={[Function]}
        required={true}
        type="text"
        value=""
      />
    </div>
    <div
      className="LocationForm__alert-div large"
      role="alert"
    >
      <ValidateAddress
        address=""
        addressError="You must enter an address or location name. (Max 100 chars.)"
        setAddressError={[Function]}
      >
        <p
          className="ValidateAddress__validator error"
          id="address-validator"
        >
          You must enter an address or location name. (Max 100 chars.)
        </p>
      </ValidateAddress>
    </div>
    <div>
      <label
        htmlFor="city"
      >
        City:
         
      </label>
      <input
        aria-describedby="city-validator"
        id="city"
        maxLength="100"
        name="city"
        onChange={[Function]}
        required={true}
        type="text"
        value=""
      />
    </div>
    <div
      className="LocationForm__alert-div large"
      role="alert"
    >
      <ValidateCity
        city=""
        cityError="You must enter a city. (Max 100 chars.)"
        setCityError={[Function]}
      >
        <p
          className="ValidateCity__validator error"
          id="city-validator"
        >
          You must enter a city. (Max 100 chars.)
        </p>
      </ValidateCity>
    </div>
    <StateSelector
      propState=""
      setState={[Function]}
    >
      <div>
        <label
          htmlFor="state"
        >
          State:
        </label>
        <select
          aria-describedby="state-validator"
          id="state"
          name="state"
          onChange={[Function]}
          required={true}
          value=""
        >
          <option
            value=""
          >
            Select a state:
          </option>
          <option
            value="AL"
          >
            Alabama
          </option>
          <option
            value="AK"
          >
            Alaska
          </option>
          <option
            value="AZ"
          >
            Arizona
          </option>
          <option
            value="AR"
          >
            Arkansas
          </option>
          <option
            value="CA"
          >
            California
          </option>
          <option
            value="CO"
          >
            Colorado
          </option>
          <option
            value="CT"
          >
            Connecticut
          </option>
          <option
            value="DE"
          >
            Delaware
          </option>
          <option
            value="DC"
          >
            District Of Columbia
          </option>
          <option
            value="FL"
          >
            Florida
          </option>
          <option
            value="GA"
          >
            Georgia
          </option>
          <option
            value="HI"
          >
            Hawaii
          </option>
          <option
            value="ID"
          >
            Idaho
          </option>
          <option
            value="IL"
          >
            Illinois
          </option>
          <option
            value="IN"
          >
            Indiana
          </option>
          <option
            value="IA"
          >
            Iowa
          </option>
          <option
            value="KS"
          >
            Kansas
          </option>
          <option
            value="KY"
          >
            Kentucky
          </option>
          <option
            value="LA"
          >
            Louisiana
          </option>
          <option
            value="ME"
          >
            Maine
          </option>
          <option
            value="MD"
          >
            Maryland
          </option>
          <option
            value="MA"
          >
            Massachusetts
          </option>
          <option
            value="MI"
          >
            Michigan
          </option>
          <option
            value="MN"
          >
            Minnesota
          </option>
          <option
            value="MS"
          >
            Mississippi
          </option>
          <option
            value="MO"
          >
            Missouri
          </option>
          <option
            value="MT"
          >
            Montana
          </option>
          <option
            value="NE"
          >
            Nebraska
          </option>
          <option
            value="NV"
          >
            Nevada
          </option>
          <option
            value="NH"
          >
            New Hampshire
          </option>
          <option
            value="NJ"
          >
            New Jersey
          </option>
          <option
            value="NM"
          >
            New Mexico
          </option>
          <option
            value="NY"
          >
            New York
          </option>
          <option
            value="NC"
          >
            North Carolina
          </option>
          <option
            value="ND"
          >
            North Dakota
          </option>
          <option
            value="OH"
          >
            Ohio
          </option>
          <option
            value="OK"
          >
            Oklahoma
          </option>
          <option
            value="OR"
          >
            Oregon
          </option>
          <option
            value="PA"
          >
            Pennsylvania
          </option>
          <option
            value="RI"
          >
            Rhode Island
          </option>
          <option
            value="SC"
          >
            South Carolina
          </option>
          <option
            value="SD"
          >
            South Dakota
          </option>
          <option
            value="TN"
          >
            Tennessee
          </option>
          <option
            value="TX"
          >
            Texas
          </option>
          <option
            value="UT"
          >
            Utah
          </option>
          <option
            value="VT"
          >
            Vermont
          </option>
          <option
            value="VA"
          >
            Virginia
          </option>
          <option
            value="WA"
          >
            Washington
          </option>
          <option
            value="WV"
          >
            West Virginia
          </option>
          <option
            value="WI"
          >
            Wisconsin
          </option>
          <option
            value="WY"
          >
            Wyoming
          </option>
        </select>
      </div>
    </StateSelector>
    <div
      className="LocationForm__alert-div"
      role="alert"
    >
      <ValidateState
        setStateError={[Function]}
        state=""
        stateError="You must select a state."
      >
        <p
          className="ValidateState__validator error"
          id="state-validator"
        >
          You must select a state.
        </p>
      </ValidateState>
    </div>
    <div>
      <label
        htmlFor="zipcode"
      >
        ZIP code:
         
      </label>
      <input
        aria-describedby="zipcode-validator"
        id="zipcode"
        maxLength="5"
        name="zipcode"
        onChange={[Function]}
        required={true}
        type="text"
        value=""
      />
    </div>
    <div
      className="LocationForm__alert-div small"
      role="alert"
    >
      <ValidateZipCode
        setZipcodeError={[Function]}
        zipcode=""
        zipcodeError="ZIP code is required and must be 5 digits in length."
      >
        <p
          className="ValidateZipCode__validator error"
          id="zipcode-validator"
        >
          ZIP code is required and must be 5 digits in length.
        </p>
      </ValidateZipCode>
    </div>
  </fieldset>
</LocationForm>
`;
