// Jest Snapshot v1, https://goo.gl/fbAQLP

exports[`MyDogs component renders the UI as expected 1`] = `
<BrowserRouter>
  <Router
    history={
      Object {
        "action": "POP",
        "block": [Function],
        "createHref": [Function],
        "go": [Function],
        "goBack": [Function],
        "goForward": [Function],
        "length": 1,
        "listen": [Function],
        "location": Object {
          "hash": "",
          "pathname": "/",
          "search": "",
          "state": undefined,
        },
        "push": [Function],
        "replace": [Function],
      }
    }
  >
    <MyDogs>
      <section
        aria-live="polite"
        className="MyDogs__section section"
      >
        <header>
          <h2>
            My Dogs
          </h2>
        </header>
        <Link
          className="link"
          to="/create-dog-profile"
        >
          <LinkAnchor
            className="link"
            href="/create-dog-profile"
            navigate={[Function]}
          >
            <a
              className="link"
              href="/create-dog-profile"
              onClick={[Function]}
            >
              Create a new dog profile!
            </a>
          </LinkAnchor>
        </Link>
        <p>
          No dogs currently linked to your account.
        </p>
      </section>
    </MyDogs>
  </Router>
</BrowserRouter>
`;
