// Jest Snapshot v1, https://goo.gl/fbAQLP

exports[`ValidateReenteredPassword component renders the UI as expected 1`] = `
<ValidateReenteredPassword
  password=""
  reenteredPassword=""
  reenteredPasswordError=""
  setReenteredPasswordError={[Function]}
>
  <p
    className="ValidateReenteredPassword__validator valid"
    id="reenter-password-validation"
  >
    Passwords match.
  </p>
</ValidateReenteredPassword>
`;
