// Jest Snapshot v1, https://goo.gl/fbAQLP

exports[`HowlsList component renders the UI as expected 1`] = `
<BrowserRouter>
  <Router
    history={
      Object {
        "action": "POP",
        "block": [Function],
        "createHref": [Function],
        "go": [Function],
        "goBack": [Function],
        "goForward": [Function],
        "length": 1,
        "listen": [Function],
        "location": Object {
          "hash": "",
          "pathname": "/",
          "search": "",
          "state": undefined,
        },
        "push": [Function],
        "replace": [Function],
      }
    }
  >
    <HowlsList>
      <header
        className="HowlsList__header"
      >
        <h1
          className="HowlsList__h1"
        >
          What are people howling about?
        </h1>
        <Link
          className="HowlsList__create-link"
          to="/create-howl"
        >
          <LinkAnchor
            className="HowlsList__create-link"
            href="/create-howl"
            navigate={[Function]}
          >
            <a
              className="HowlsList__create-link"
              href="/create-howl"
              onClick={[Function]}
            >
              Start howling yourself!
            </a>
          </LinkAnchor>
        </Link>
      </header>
      <HowlsPageFilterForm
        data={
          Object {
            "dateP": "",
            "daysOfWeekP": Array [],
            "handleSubmit": [Function],
            "ratingFilterP": "",
            "recurringMeetingWindowsP": Array [],
            "setDateP": [Function],
            "setDaysOfWeekP": [Function],
            "setRatingFilterP": [Function],
            "setRecurringMeetingWindowsP": [Function],
            "setStateP": [Function],
            "setTimeWindowsP": [Function],
            "setTypeOfMeetingP": [Function],
            "setZipcodeP": [Function],
            "stateP": "",
            "timeWindowsP": Array [],
            "typeOfMeetingP": "",
            "zipcodeP": "",
          }
        }
      >
        <form
          className="HowlsPageFilterForm__form"
          onSubmit={[Function]}
        >
          <fieldset
            className="HowlsPageFilterForm__fieldset outer-fieldset"
          >
            <legend>
              Filter howls by:
            </legend>
            <fieldset
              className="HowlsPageFilterForm__fieldset sub-fieldset"
            >
              <legend>
                Location
              </legend>
              <StateSelector
                notRequired={true}
                propState=""
                setState={[Function]}
              >
                <div>
                  <label
                    htmlFor="state"
                  >
                    State:
                  </label>
                  <select
                    aria-describedby={null}
                    id="state"
                    name="state"
                    onChange={[Function]}
                    required={false}
                    value=""
                  >
                    <option
                      value=""
                    >
                      All states
                    </option>
                    <option
                      value="AL"
                    >
                      Alabama
                    </option>
                    <option
                      value="AK"
                    >
                      Alaska
                    </option>
                    <option
                      value="AZ"
                    >
                      Arizona
                    </option>
                    <option
                      value="AR"
                    >
                      Arkansas
                    </option>
                    <option
                      value="CA"
                    >
                      California
                    </option>
                    <option
                      value="CO"
                    >
                      Colorado
                    </option>
                    <option
                      value="CT"
                    >
                      Connecticut
                    </option>
                    <option
                      value="DE"
                    >
                      Delaware
                    </option>
                    <option
                      value="DC"
                    >
                      District Of Columbia
                    </option>
                    <option
                      value="FL"
                    >
                      Florida
                    </option>
                    <option
                      value="GA"
                    >
                      Georgia
                    </option>
                    <option
                      value="HI"
                    >
                      Hawaii
                    </option>
                    <option
                      value="ID"
                    >
                      Idaho
                    </option>
                    <option
                      value="IL"
                    >
                      Illinois
                    </option>
                    <option
                      value="IN"
                    >
                      Indiana
                    </option>
                    <option
                      value="IA"
                    >
                      Iowa
                    </option>
                    <option
                      value="KS"
                    >
                      Kansas
                    </option>
                    <option
                      value="KY"
                    >
                      Kentucky
                    </option>
                    <option
                      value="LA"
                    >
                      Louisiana
                    </option>
                    <option
                      value="ME"
                    >
                      Maine
                    </option>
                    <option
                      value="MD"
                    >
                      Maryland
                    </option>
                    <option
                      value="MA"
                    >
                      Massachusetts
                    </option>
                    <option
                      value="MI"
                    >
                      Michigan
                    </option>
                    <option
                      value="MN"
                    >
                      Minnesota
                    </option>
                    <option
                      value="MS"
                    >
                      Mississippi
                    </option>
                    <option
                      value="MO"
                    >
                      Missouri
                    </option>
                    <option
                      value="MT"
                    >
                      Montana
                    </option>
                    <option
                      value="NE"
                    >
                      Nebraska
                    </option>
                    <option
                      value="NV"
                    >
                      Nevada
                    </option>
                    <option
                      value="NH"
                    >
                      New Hampshire
                    </option>
                    <option
                      value="NJ"
                    >
                      New Jersey
                    </option>
                    <option
                      value="NM"
                    >
                      New Mexico
                    </option>
                    <option
                      value="NY"
                    >
                      New York
                    </option>
                    <option
                      value="NC"
                    >
                      North Carolina
                    </option>
                    <option
                      value="ND"
                    >
                      North Dakota
                    </option>
                    <option
                      value="OH"
                    >
                      Ohio
                    </option>
                    <option
                      value="OK"
                    >
                      Oklahoma
                    </option>
                    <option
                      value="OR"
                    >
                      Oregon
                    </option>
                    <option
                      value="PA"
                    >
                      Pennsylvania
                    </option>
                    <option
                      value="RI"
                    >
                      Rhode Island
                    </option>
                    <option
                      value="SC"
                    >
                      South Carolina
                    </option>
                    <option
                      value="SD"
                    >
                      South Dakota
                    </option>
                    <option
                      value="TN"
                    >
                      Tennessee
                    </option>
                    <option
                      value="TX"
                    >
                      Texas
                    </option>
                    <option
                      value="UT"
                    >
                      Utah
                    </option>
                    <option
                      value="VT"
                    >
                      Vermont
                    </option>
                    <option
                      value="VA"
                    >
                      Virginia
                    </option>
                    <option
                      value="WA"
                    >
                      Washington
                    </option>
                    <option
                      value="WV"
                    >
                      West Virginia
                    </option>
                    <option
                      value="WI"
                    >
                      Wisconsin
                    </option>
                    <option
                      value="WY"
                    >
                      Wyoming
                    </option>
                  </select>
                </div>
              </StateSelector>
              <div>
                <label
                  htmlFor="zipcode"
                >
                  ZIP code:
                </label>
                <input
                  aria-describedby="zipcode-validator"
                  id="zipcode"
                  name="zipcode"
                  onChange={[Function]}
                  type="text"
                  value=""
                />
              </div>
              <div
                className="HowlsPageFilterForm__zipcode-alert"
                role="alert"
              >
                <ValidateZipCode
                  notRequired={true}
                  setZipcodeError={[Function]}
                  zipcode=""
                  zipcodeError=""
                >
                  <p
                    className="ValidateZipCode__validator"
                    id="zipcode-validator"
                  >
                    Zip code is optional, but must be 5 digits in length if provided.
                  </p>
                </ValidateZipCode>
              </div>
            </fieldset>
            <ReviewFormStarRater
              classSuffix="sort"
              currentState=""
              legendText="Average rating of dog(s) equal to or greater than"
              required={false}
              setter={[Function]}
            >
              <fieldset
                className="sub-fieldset"
              >
                <legend>
                  Average rating of dog(s) equal to or greater than
                </legend>
                <div
                  className="ReviewFormStarRater__rate-container"
                >
                  <input
                    checked={false}
                    className="ReviewFormStarRater__input"
                    id="star1-sort"
                    name="rate-sort"
                    onChange={[Function]}
                    required={false}
                    type="radio"
                    value="1"
                  />
                  <label
                    className="ReviewFormStarRater__label"
                    htmlFor="star1-sort"
                    style={
                      Object {
                        "color": "#ccc",
                      }
                    }
                  >
                    1 star
                  </label>
                  <input
                    checked={false}
                    className="ReviewFormStarRater__input"
                    id="star2-sort"
                    name="rate-sort"
                    onChange={[Function]}
                    required={false}
                    type="radio"
                    value="2"
                  />
                  <label
                    className="ReviewFormStarRater__label"
                    htmlFor="star2-sort"
                    style={
                      Object {
                        "color": "#ccc",
                      }
                    }
                  >
                    2 stars
                  </label>
                  <input
                    checked={false}
                    className="ReviewFormStarRater__input"
                    id="star3-sort"
                    name="rate-sort"
                    onChange={[Function]}
                    required={false}
                    type="radio"
                    value="3"
                  />
                  <label
                    className="ReviewFormStarRater__label"
                    htmlFor="star3-sort"
                    style={
                      Object {
                        "color": "#ccc",
                      }
                    }
                  >
                    3 stars
                  </label>
                  <input
                    checked={false}
                    className="ReviewFormStarRater__input"
                    id="star4-sort"
                    name="rate-sort"
                    onChange={[Function]}
                    required={false}
                    type="radio"
                    value="4"
                  />
                  <label
                    className="ReviewFormStarRater__label"
                    htmlFor="star4-sort"
                    style={
                      Object {
                        "color": "#ccc",
                      }
                    }
                  >
                    4 stars
                  </label>
                  <input
                    checked={false}
                    className="ReviewFormStarRater__input"
                    id="star5-sort"
                    name="rate-sort"
                    onChange={[Function]}
                    required={false}
                    type="radio"
                    value="5"
                  />
                  <label
                    className="ReviewFormStarRater__label"
                    htmlFor="star5-sort"
                    style={
                      Object {
                        "color": "#ccc",
                      }
                    }
                  >
                    5 stars
                  </label>
                </div>
              </fieldset>
            </ReviewFormStarRater>
            <div
              aria-live="polite"
            >
              <button
                className="HowlsPageFilterForm__button button"
                onClick={[Function]}
                type="button"
              >
                Show advanced search options
              </button>
            </div>
          </fieldset>
          <button
            className="HowlsPageFilterForm__button button"
            disabled=""
            type="submit"
          >
            Search howls
          </button>
        </form>
      </HowlsPageFilterForm>
      <div
        className="HowlsList__results-div"
        role="alert"
      />
    </HowlsList>
  </Router>
</BrowserRouter>
`;
